// Jest Snapshot v1, https://goo.gl/fbAQLP

exports[`<ProductCard /> matches the snapshot 1`] = `
<View
  collapsable={false}
  style={
    {
      "backgroundColor": "#F0F0F0",
      "borderRadius": 10,
      "flex": 1,
      "marginRight": 5,
      "marginVertical": 10,
      "shadowColor": "#000",
      "shadowOffset": {
        "height": 1,
        "width": 0,
      },
      "shadowOpacity": 0.15,
      "shadowRadius": 3,
    }
  }
  testID="product-card-container-outer-layer"
>
  <View
    collapsable={false}
    style={
      {
        "backgroundColor": "#F0F0F0",
        "borderRadius": 10,
        "elevation": 4,
        "flex": undefined,
        "shadowColor": "rgba(0, 0, 0, 0.3)",
        "shadowOffset": {
          "height": 2,
          "width": 0,
        },
        "shadowOpacity": 0.2,
        "shadowRadius": 4,
      }
    }
    testID="product-card-container"
  >
    <View
      style={
        [
          {
            "flexShrink": 1,
          },
          undefined,
        ]
      }
      testID="product-card"
    >
      <View
        style={
          [
            {
              "backgroundColor": "#eeeeee",
              "height": 195,
              "overflow": "hidden",
            },
            {
              "borderRadius": 6,
            },
            undefined,
          ]
        }
      >
        <Image
          accessibilityIgnoresInvertColors={true}
          borderRadiusStyles={
            {
              "borderRadius": 10,
            }
          }
          siblings={
            [
              "Card.Cover",
              "Card.Title",
              "View",
              "View",
            ]
          }
          source={
            {
              "uri": "https://example.com/image.jpg",
            }
          }
          style={
            [
              {
                "flex": 1,
                "height": undefined,
                "justifyContent": "flex-end",
                "padding": 16,
                "width": undefined,
              },
              {
                "borderRadius": 6,
              },
            ]
          }
        />
      </View>
      <View
        style={
          [
            {
              "alignItems": "center",
              "flexDirection": "row",
              "justifyContent": "space-between",
              "paddingLeft": 16,
            },
            {
              "minHeight": 72,
            },
            {
              "flexDirection": "row",
              "marginVertical": 0,
              "paddingBottom": 0,
              "paddingVertical": 0,
            },
          ]
        }
      >
        <View
          style={
            [
              {
                "flex": 1,
                "flexDirection": "column",
                "justifyContent": "center",
              },
            ]
          }
        >
          <Text
            numberOfLines={1}
            style={
              [
                {
                  "textAlign": "left",
                },
                {
                  "color": "rgba(28, 27, 31, 1)",
                  "writingDirection": "ltr",
                },
                [
                  {
                    "fontFamily": "System",
                    "fontSize": 16,
                    "fontWeight": "400",
                    "letterSpacing": 0.15,
                    "lineHeight": 24,
                  },
                  [
                    {
                      "minHeight": 30,
                      "paddingRight": 16,
                    },
                    {
                      "marginBottom": 0,
                    },
                    undefined,
                  ],
                ],
              ]
            }
          >
            Test Product
          </Text>
          <Text
            numberOfLines={1}
            style={
              [
                {
                  "textAlign": "left",
                },
                {
                  "color": "rgba(28, 27, 31, 1)",
                  "writingDirection": "ltr",
                },
                [
                  {
                    "fontFamily": "System",
                    "fontSize": 14,
                    "fontWeight": "400",
                    "letterSpacing": 0.25,
                    "lineHeight": 20,
                  },
                  [
                    {
                      "marginVertical": 0,
                      "minHeight": 20,
                      "paddingRight": 16,
                    },
                    {
                      "color": "#FFA500",
                      "fontSize": 12,
                      "marginBottom": 4,
                    },
                  ],
                ],
              ]
            }
          >
            ★★★★★
          </Text>
        </View>
        <View />
      </View>
      <View
        borderRadiusStyles={
          {
            "borderRadius": 10,
          }
        }
        index={2}
        siblings={
          [
            "Card.Cover",
            "Card.Title",
            "View",
            "View",
          ]
        }
        style={
          {
            "paddingHorizontal": 16,
          }
        }
        total={4}
      >
        <Text
          style={
            [
              {
                "textAlign": "left",
              },
              {
                "color": "rgba(28, 27, 31, 1)",
                "writingDirection": "ltr",
              },
              [
                {
                  "fontFamily": "System",
                  "fontSize": 14,
                  "fontWeight": "400",
                  "letterSpacing": 0.25,
                  "lineHeight": 20,
                },
                [
                  {
                    "color": "#34300F",
                  },
                  {
                    "color": "#000",
                    "fontSize": 16,
                    "fontWeight": "700",
                  },
                ],
              ],
            ]
          }
        >
          €
          19.99
        </Text>
      </View>
      <View
        borderRadiusStyles={
          {
            "borderRadius": 10,
          }
        }
        index={3}
        siblings={
          [
            "Card.Cover",
            "Card.Title",
            "View",
            "View",
          ]
        }
        style={
          {
            "alignItems": "center",
            "flexDirection": "row",
            "height": 75,
            "justifyContent": "center",
            "paddingHorizontal": 7,
          }
        }
        total={4}
      >
        <View
          collapsable={false}
          style={
            {
              "backgroundColor": "#FED034",
              "borderRadius": 50,
              "flex": 1,
              "shadowColor": "#000",
              "shadowOffset": {
                "height": 0,
                "width": 0,
              },
              "shadowOpacity": 0,
              "shadowRadius": 0,
            }
          }
          testID="button-container-outer-layer"
        >
          <View
            collapsable={false}
            style={
              {
                "backgroundColor": "#FED034",
                "borderColor": "rgba(121, 116, 126, 1)",
                "borderRadius": 50,
                "borderStyle": "solid",
                "borderWidth": 1,
                "flex": undefined,
                "minWidth": 64,
                "shadowColor": "#000",
                "shadowOffset": {
                  "height": 0,
                  "width": 0,
                },
                "shadowOpacity": 0,
                "shadowRadius": 0,
              }
            }
            testID="button-container"
          >
            <View
              accessibilityRole="button"
              accessibilityState={
                {
                  "busy": undefined,
                  "checked": undefined,
                  "disabled": false,
                  "expanded": undefined,
                  "selected": undefined,
                }
              }
              accessibilityValue={
                {
                  "max": undefined,
                  "min": undefined,
                  "now": undefined,
                  "text": undefined,
                }
              }
              accessible={true}
              collapsable={false}
              focusable={true}
              onBlur={[Function]}
              onClick={[Function]}
              onFocus={[Function]}
              onResponderGrant={[Function]}
              onResponderMove={[Function]}
              onResponderRelease={[Function]}
              onResponderTerminate={[Function]}
              onResponderTerminationRequest={[Function]}
              onStartShouldSetResponder={[Function]}
              style={
                [
                  {
                    "overflow": "hidden",
                  },
                  {
                    "borderRadius": 50,
                  },
                ]
              }
              testID="button"
            >
              <View
                style={
                  [
                    {
                      "alignItems": "center",
                      "flexDirection": "row",
                      "justifyContent": "center",
                    },
                    undefined,
                  ]
                }
              >
                <Text
                  numberOfLines={1}
                  selectable={false}
                  style={
                    [
                      {
                        "textAlign": "left",
                      },
                      {
                        "color": "rgba(28, 27, 31, 1)",
                        "writingDirection": "ltr",
                      },
                      [
                        {
                          "fontFamily": "System",
                          "fontSize": 14,
                          "fontWeight": "500",
                          "letterSpacing": 0.1,
                          "lineHeight": 20,
                        },
                        [
                          {
                            "marginHorizontal": 16,
                            "marginVertical": 9,
                            "textAlign": "center",
                          },
                          false,
                          {
                            "marginHorizontal": 24,
                            "marginVertical": 10,
                          },
                          undefined,
                          false,
                          {
                            "color": "#34300F",
                            "fontFamily": "System",
                            "fontSize": 14,
                            "fontWeight": "500",
                            "letterSpacing": 0.1,
                            "lineHeight": 20,
                          },
                          undefined,
                        ],
                      ],
                    ]
                  }
                  testID="button-text"
                >
                  Add to basket
                </Text>
              </View>
            </View>
          </View>
        </View>
      </View>
    </View>
  </View>
</View>
`;
