// Jest Snapshot v1, https://goo.gl/fbAQLP

exports[`CheckoutScreen should match the snapshot 1`] = `
<View
  style={
    {
      "backgroundColor": "#fff",
      "flex": 1,
      "paddingLeft": 16,
      "paddingRight": 9,
      "paddingTop": 10,
    }
  }
>
  <View
    style={
      {
        "marginBottom": 7,
        "paddingLeft": 2,
      }
    }
  >
    <Text
      style={
        [
          {
            "textAlign": "left",
          },
          {
            "color": "rgba(28, 27, 31, 1)",
            "writingDirection": "ltr",
          },
          [
            {
              "fontFamily": "System",
              "fontSize": 16,
              "fontWeight": "500",
              "letterSpacing": 0.15,
              "lineHeight": 24,
            },
            [
              {
                "color": "rgba(125, 82, 96, 1)",
              },
              undefined,
            ],
          ],
        ]
      }
    >
      Total:
       $
      0.00
    </Text>
  </View>
  <View
    style={
      {
        "height": 165,
        "justifyContent": "space-between",
        "marginVertical": 10,
      }
    }
  >
    <View
      style={
        {
          "flex": 4,
        }
      }
    >
      <View
        collapsable={false}
        style={
          {
            "backgroundColor": "rgba(28, 27, 31, 0.12)",
            "borderRadius": 20,
            "shadowColor": "#000",
            "shadowOffset": {
              "height": 0,
              "width": 0,
            },
            "shadowOpacity": 0,
            "shadowRadius": 0,
          }
        }
        testID="button-container-outer-layer"
      >
        <View
          collapsable={false}
          style={
            {
              "backgroundColor": "rgba(28, 27, 31, 0.12)",
              "borderColor": "transparent",
              "borderRadius": 20,
              "borderStyle": "solid",
              "borderWidth": 0,
              "flex": undefined,
              "minWidth": 64,
              "shadowColor": "#000",
              "shadowOffset": {
                "height": 0,
                "width": 0,
              },
              "shadowOpacity": 0,
              "shadowRadius": 0,
            }
          }
          testID="button-container"
        >
          <View
            accessibilityRole="button"
            accessibilityState={
              {
                "busy": undefined,
                "checked": undefined,
                "disabled": true,
                "expanded": undefined,
                "selected": undefined,
              }
            }
            accessibilityValue={
              {
                "max": undefined,
                "min": undefined,
                "now": undefined,
                "text": undefined,
              }
            }
            accessible={true}
            collapsable={false}
            focusable={true}
            onBlur={[Function]}
            onClick={[Function]}
            onFocus={[Function]}
            onResponderGrant={[Function]}
            onResponderMove={[Function]}
            onResponderRelease={[Function]}
            onResponderTerminate={[Function]}
            onResponderTerminationRequest={[Function]}
            onStartShouldSetResponder={[Function]}
            style={
              [
                {
                  "overflow": "hidden",
                },
                {
                  "borderRadius": 20,
                },
              ]
            }
            testID="button"
          >
            <View
              style={
                [
                  {
                    "alignItems": "center",
                    "flexDirection": "row",
                    "justifyContent": "center",
                  },
                  undefined,
                ]
              }
            >
              <View
                style={
                  [
                    {
                      "marginLeft": 12,
                      "marginRight": -4,
                    },
                    {
                      "marginLeft": 16,
                      "marginRight": -16,
                    },
                    false,
                  ]
                }
                testID="button-icon-container"
              >
                <Text
                  accessibilityElementsHidden={true}
                  allowFontScaling={false}
                  importantForAccessibility="no-hide-descendants"
                  pointerEvents="none"
                  selectable={false}
                  style={
                    [
                      {
                        "color": "rgba(28, 27, 31, 0.38)",
                        "fontSize": 18,
                      },
                      [
                        {
                          "lineHeight": 18,
                          "transform": [
                            {
                              "scaleX": 1,
                            },
                          ],
                        },
                        {
                          "backgroundColor": "transparent",
                        },
                      ],
                      {
                        "fontFamily": "material-community",
                        "fontStyle": "normal",
                        "fontWeight": "normal",
                      },
                      {},
                    ]
                  }
                >
                  ó°µ¦
                </Text>
              </View>
              <Text
                numberOfLines={1}
                selectable={false}
                style={
                  [
                    {
                      "textAlign": "left",
                    },
                    {
                      "color": "rgba(28, 27, 31, 1)",
                      "writingDirection": "ltr",
                    },
                    [
                      {
                        "fontFamily": "System",
                        "fontSize": 14,
                        "fontWeight": "500",
                        "letterSpacing": 0.1,
                        "lineHeight": 20,
                      },
                      [
                        {
                          "marginHorizontal": 16,
                          "marginVertical": 9,
                          "textAlign": "center",
                        },
                        false,
                        {
                          "marginHorizontal": 24,
                          "marginVertical": 10,
                        },
                        undefined,
                        false,
                        {
                          "color": "rgba(28, 27, 31, 0.38)",
                          "fontFamily": "System",
                          "fontSize": 14,
                          "fontWeight": "500",
                          "letterSpacing": 0.1,
                          "lineHeight": 20,
                        },
                        undefined,
                      ],
                    ],
                  ]
                }
                testID="button-text"
              >
                ORDER
                 (
                0
                 items)
              </Text>
            </View>
          </View>
        </View>
      </View>
    </View>
    <View
      style={
        {
          "flex": 6,
        }
      }
    >
      <View
        style={
          {
            "marginBottom": 5,
          }
        }
      >
        <View
          style={
            [
              {
                "backgroundColor": "rgba(231, 224, 236, 1)",
                "borderTopLeftRadius": 4,
                "borderTopRightRadius": 4,
              },
              {},
            ]
          }
        >
          <View
            collapsable={false}
            style={
              {
                "backgroundColor": "rgba(73, 69, 79, 1)",
                "bottom": 0,
                "height": 1,
                "left": 0,
                "position": "absolute",
                "right": 0,
                "transform": [
                  {
                    "scaleY": 0.5,
                  },
                ],
                "zIndex": 1,
              }
            }
            testID="text-input-underline"
          />
          <View
            onLayout={[Function]}
            style={
              [
                {
                  "flexGrow": 1,
                  "paddingBottom": 0,
                  "paddingTop": 0,
                },
                {
                  "minHeight": 56,
                },
              ]
            }
          >
            <View
              pointerEvents="none"
              style={
                [
                  {
                    "bottom": 0,
                    "left": 0,
                    "position": "absolute",
                    "right": 0,
                    "top": 0,
                  },
                  {
                    "overflow": "hidden",
                  },
                ]
              }
            >
              <View
                collapsable={false}
                pointerEvents="none"
                style={
                  {
                    "bottom": 0,
                    "left": 0,
                    "opacity": 1,
                    "position": "absolute",
                    "right": 0,
                    "top": 0,
                    "transform": [
                      {
                        "translateX": 0,
                      },
                    ],
                    "width": 750,
                    "zIndex": 3,
                  }
                }
              >
                <View
                  style={
                    {
                      "width": 73,
                    }
                  }
                >
                  <Text
                    collapsable={false}
                    maxFontSizeMultiplier={1.5}
                    numberOfLines={1}
                    onLayout={[Function]}
                    onTextLayout={[Function]}
                    style={
                      {
                        "color": "rgba(103, 80, 164, 1)",
                        "fontFamily": "System",
                        "fontSize": 16,
                        "fontWeight": undefined,
                        "left": 0,
                        "letterSpacing": 0.15,
                        "lineHeight": undefined,
                        "maxWidth": 73,
                        "opacity": 0,
                        "paddingLeft": 16,
                        "paddingRight": 56,
                        "position": "absolute",
                        "textAlign": "left",
                        "top": 30,
                        "transform": [
                          {
                            "translateX": 0,
                          },
                          {
                            "translateY": 0,
                          },
                          {
                            "scale": 1,
                          },
                        ],
                        "writingDirection": "ltr",
                      }
                    }
                    testID="text-input-flat-label-active"
                  >
                    Promo Code
                  </Text>
                  <Text
                    collapsable={false}
                    maxFontSizeMultiplier={1.5}
                    numberOfLines={1}
                    style={
                      {
                        "color": "rgba(73, 69, 79, 1)",
                        "fontFamily": "System",
                        "fontSize": 16,
                        "fontWeight": undefined,
                        "left": 0,
                        "letterSpacing": 0.15,
                        "lineHeight": undefined,
                        "maxWidth": 73,
                        "opacity": 0,
                        "paddingLeft": 16,
                        "paddingRight": 56,
                        "position": "absolute",
                        "textAlign": "left",
                        "top": 30,
                        "transform": [
                          {
                            "translateX": 0,
                          },
                          {
                            "translateY": 0,
                          },
                          {
                            "scale": 1,
                          },
                        ],
                        "writingDirection": "ltr",
                      }
                    }
                    testID="text-input-flat-label-inactive"
                  >
                    Promo Code
                  </Text>
                </View>
              </View>
            </View>
            <TextInput
              cursorColor="rgba(103, 80, 164, 1)"
              editable={true}
              maxFontSizeMultiplier={1.5}
              multiline={false}
              onBlur={[Function]}
              onChangeText={[Function]}
              onFocus={[Function]}
              placeholder=" "
              placeholderTextColor="rgba(73, 69, 79, 1)"
              selectionColor="rgba(103, 80, 164, 1)"
              style={
                [
                  {
                    "flexGrow": 1,
                    "margin": 0,
                  },
                  {},
                  {
                    "paddingBottom": 4,
                    "paddingTop": 24,
                  },
                  {
                    "color": "rgba(28, 27, 31, 1)",
                    "fontFamily": "System",
                    "fontSize": 16,
                    "fontWeight": undefined,
                    "letterSpacing": 0.15,
                    "lineHeight": undefined,
                    "minWidth": 65,
                    "paddingLeft": 16,
                    "paddingRight": 56,
                    "textAlign": "left",
                    "textAlignVertical": "center",
                  },
                  false,
                  {
                    "marginRight": 40,
                    "paddingRight": 16,
                  },
                  undefined,
                ]
              }
              testID="text-input-flat"
              underlineColorAndroid="transparent"
              value=""
            />
          </View>
          <View
            style={
              [
                {
                  "alignItems": "center",
                  "height": 24,
                  "justifyContent": "center",
                  "position": "absolute",
                  "width": 24,
                },
                {
                  "right": 16,
                  "top": 16,
                },
              ]
            }
          >
            <View
              collapsable={false}
              style={
                {
                  "backgroundColor": "transparent",
                  "borderRadius": 20,
                  "height": 40,
                  "margin": 0,
                  "shadowColor": "#000",
                  "shadowOffset": {
                    "height": 0,
                    "width": 0,
                  },
                  "shadowOpacity": 0,
                  "shadowRadius": 0,
                  "width": 40,
                }
              }
              testID="right-icon-adornment-container-outer-layer"
            >
              <View
                collapsable={false}
                style={
                  {
                    "backgroundColor": "transparent",
                    "borderColor": "rgba(121, 116, 126, 1)",
                    "borderRadius": 20,
                    "borderWidth": 0,
                    "elevation": 0,
                    "flex": 1,
                    "overflow": "hidden",
                    "shadowColor": "#000",
                    "shadowOffset": {
                      "height": 0,
                      "width": 0,
                    },
                    "shadowOpacity": 0,
                    "shadowRadius": 0,
                  }
                }
                testID="right-icon-adornment-container"
              >
                <View
                  accessibilityComponentType="button"
                  accessibilityRole="button"
                  accessibilityState={
                    {
                      "busy": undefined,
                      "checked": undefined,
                      "disabled": false,
                      "expanded": undefined,
                      "selected": undefined,
                    }
                  }
                  accessibilityTraits="button"
                  accessibilityValue={
                    {
                      "max": undefined,
                      "min": undefined,
                      "now": undefined,
                      "text": undefined,
                    }
                  }
                  accessible={true}
                  centered={true}
                  collapsable={false}
                  focusable={true}
                  hitSlop={
                    {
                      "bottom": 6,
                      "left": 6,
                      "right": 6,
                      "top": 6,
                    }
                  }
                  onBlur={[Function]}
                  onClick={[Function]}
                  onFocus={[Function]}
                  onResponderGrant={[Function]}
                  onResponderMove={[Function]}
                  onResponderRelease={[Function]}
                  onResponderTerminate={[Function]}
                  onResponderTerminationRequest={[Function]}
                  onStartShouldSetResponder={[Function]}
                  style={
                    [
                      {
                        "overflow": "hidden",
                      },
                      [
                        {
                          "alignItems": "center",
                          "flexGrow": 1,
                          "justifyContent": "center",
                        },
                        {
                          "borderRadius": 20,
                        },
                      ],
                    ]
                  }
                  testID="right-icon-adornment"
                >
                  <Text
                    accessibilityElementsHidden={true}
                    allowFontScaling={false}
                    importantForAccessibility="no-hide-descendants"
                    pointerEvents="none"
                    selectable={false}
                    style={
                      [
                        {
                          "color": "rgba(103, 80, 164, 1)",
                          "fontSize": 24,
                        },
                        [
                          {
                            "lineHeight": 24,
                            "transform": [
                              {
                                "scaleX": 1,
                              },
                            ],
                          },
                          {
                            "backgroundColor": "transparent",
                          },
                        ],
                        {
                          "fontFamily": "material-community",
                          "fontStyle": "normal",
                          "fontWeight": "normal",
                        },
                        {},
                      ]
                    }
                  >
                    ó°°
                  </Text>
                </View>
              </View>
            </View>
          </View>
        </View>
        <View
          style={
            {
              "height": 20,
            }
          }
        />
      </View>
      <View
        collapsable={false}
        style={
          {
            "backgroundColor": "rgba(98, 91, 113, 1)",
            "borderRadius": 20,
            "shadowColor": "#000",
            "shadowOffset": {
              "height": 0,
              "width": 0,
            },
            "shadowOpacity": 0,
            "shadowRadius": 0,
          }
        }
        testID="button-container-outer-layer"
      >
        <View
          collapsable={false}
          style={
            {
              "backgroundColor": "rgba(98, 91, 113, 1)",
              "borderColor": "transparent",
              "borderRadius": 20,
              "borderStyle": "solid",
              "borderWidth": 0,
              "flex": undefined,
              "minWidth": 64,
              "shadowColor": "#000",
              "shadowOffset": {
                "height": 0,
                "width": 0,
              },
              "shadowOpacity": 0,
              "shadowRadius": 0,
            }
          }
          testID="button-container"
        >
          <View
            accessibilityRole="button"
            accessibilityState={
              {
                "busy": undefined,
                "checked": undefined,
                "disabled": false,
                "expanded": undefined,
                "selected": undefined,
              }
            }
            accessibilityValue={
              {
                "max": undefined,
                "min": undefined,
                "now": undefined,
                "text": undefined,
              }
            }
            accessible={true}
            collapsable={false}
            focusable={true}
            onBlur={[Function]}
            onClick={[Function]}
            onFocus={[Function]}
            onResponderGrant={[Function]}
            onResponderMove={[Function]}
            onResponderRelease={[Function]}
            onResponderTerminate={[Function]}
            onResponderTerminationRequest={[Function]}
            onStartShouldSetResponder={[Function]}
            style={
              [
                {
                  "overflow": "hidden",
                },
                {
                  "borderRadius": 20,
                },
              ]
            }
            testID="button"
          >
            <View
              style={
                [
                  {
                    "alignItems": "center",
                    "flexDirection": "row",
                    "justifyContent": "center",
                  },
                  undefined,
                ]
              }
            >
              <View
                style={
                  [
                    {
                      "marginLeft": 12,
                      "marginRight": -4,
                    },
                    {
                      "marginLeft": 16,
                      "marginRight": -16,
                    },
                    false,
                  ]
                }
                testID="button-icon-container"
              >
                <Text
                  accessibilityElementsHidden={true}
                  allowFontScaling={false}
                  importantForAccessibility="no-hide-descendants"
                  pointerEvents="none"
                  selectable={false}
                  style={
                    [
                      {
                        "color": "rgba(125, 82, 96, 1)",
                        "fontSize": 18,
                      },
                      [
                        {
                          "lineHeight": 18,
                          "transform": [
                            {
                              "scaleX": 1,
                            },
                          ],
                        },
                        {
                          "backgroundColor": "transparent",
                        },
                      ],
                      {
                        "fontFamily": "material-community",
                        "fontStyle": "normal",
                        "fontWeight": "normal",
                      },
                      {},
                    ]
                  }
                >
                  ó°´¯
                </Text>
              </View>
              <Text
                numberOfLines={1}
                selectable={false}
                style={
                  [
                    {
                      "textAlign": "left",
                    },
                    {
                      "color": "rgba(28, 27, 31, 1)",
                      "writingDirection": "ltr",
                    },
                    [
                      {
                        "fontFamily": "System",
                        "fontSize": 14,
                        "fontWeight": "500",
                        "letterSpacing": 0.1,
                        "lineHeight": 20,
                      },
                      [
                        {
                          "marginHorizontal": 16,
                          "marginVertical": 9,
                          "textAlign": "center",
                        },
                        false,
                        {
                          "marginHorizontal": 24,
                          "marginVertical": 10,
                        },
                        undefined,
                        false,
                        {
                          "color": "rgba(125, 82, 96, 1)",
                          "fontFamily": "System",
                          "fontSize": 14,
                          "fontWeight": "500",
                          "letterSpacing": 0.1,
                          "lineHeight": 20,
                        },
                        undefined,
                      ],
                    ],
                  ]
                }
                testID="button-text"
              >
                APPLY PROMO CODE
              </Text>
            </View>
          </View>
        </View>
      </View>
    </View>
  </View>
  <Text
    style={
      [
        {
          "textAlign": "left",
        },
        {
          "color": "rgba(28, 27, 31, 1)",
          "writingDirection": "ltr",
        },
        [
          {
            "fontFamily": "System",
            "fontSize": 16,
            "fontWeight": "500",
            "letterSpacing": 0.15,
            "lineHeight": 24,
          },
          [
            {
              "color": "rgba(125, 82, 96, 1)",
            },
            {
              "marginTop": 20,
              "textAlign": "center",
            },
          ],
        ],
      ]
    }
  >
    Your basket is empty.
  </Text>
</View>
`;
