// Jest Snapshot v1, https://goo.gl/fbAQLP

exports[`<BasketSummary /> renders correctly and matches the snapshot 1`] = `
<View>
  <Text
    style={
      [
        {
          "textAlign": "left",
        },
        {
          "color": "rgba(28, 27, 31, 1)",
          "writingDirection": "ltr",
        },
        [
          {
            "fontFamily": "System",
            "fontSize": 14,
            "fontWeight": "500",
            "letterSpacing": 0.1,
            "lineHeight": 20,
          },
          [
            {
              "color": "rgba(125, 82, 96, 1)",
            },
            undefined,
          ],
        ],
      ]
    }
    testID="text"
  >
    Items in the basket: 
     
    14
  </Text>
  <View
    style={
      {
        "marginVertical": 16,
      }
    }
  >
    <Text
      style={
        [
          {
            "textAlign": "left",
          },
          {
            "color": "rgba(28, 27, 31, 1)",
            "writingDirection": "ltr",
          },
          [
            {
              "fontFamily": "System",
              "fontSize": 14,
              "fontWeight": "500",
              "letterSpacing": 0.1,
              "lineHeight": 20,
            },
            [
              {
                "color": "rgba(125, 82, 96, 1)",
              },
              undefined,
            ],
          ],
        ]
      }
      testID="text"
    >
      Total:
       $
      2648.01
    </Text>
  </View>
</View>
`;
