// Jest Snapshot v1, https://goo.gl/fbAQLP

exports[`ErrorScreen Component should match the snapshot 1`] = `
<View
  style={
    {
      "backgroundColor": "#fff",
      "flex": 1,
      "paddingHorizontal": 16,
    }
  }
>
  <View
    style={
      [
        {
          "alignItems": "center",
          "backgroundColor": "#fff",
          "flex": 1,
          "justifyContent": "center",
        },
      ]
    }
  >
    <Text
      style={
        [
          {
            "textAlign": "left",
          },
          {
            "color": "rgba(28, 27, 31, 1)",
            "writingDirection": "ltr",
          },
          [
            {
              "fontFamily": "System",
              "fontSize": 14,
              "fontWeight": "400",
              "letterSpacing": 0.25,
              "lineHeight": 20,
            },
            undefined,
          ],
        ]
      }
    >
      Unexpected Error
    </Text>
  </View>
</View>
`;
