// Jest Snapshot v1, https://goo.gl/fbAQLP

exports[`<RedirectWithAnimation /> renders correctly and matches snapshot 1`] = `
<View
  style={
    {
      "alignItems": "center",
      "backgroundColor": "#FFF",
      "flex": 1,
      "justifyContent": "center",
    }
  }
>
  <View
    style={
      {
        "alignItems": "center",
        "marginBottom": 24,
      }
    }
  >
    <Text
      style={
        [
          {
            "textAlign": "left",
          },
          {
            "color": "rgba(28, 27, 31, 1)",
            "writingDirection": "ltr",
          },
          [
            {
              "fontFamily": "System",
              "fontSize": 22,
              "fontWeight": "400",
              "letterSpacing": 0,
              "lineHeight": 28,
            },
            [
              {
                "color": "#34300F",
              },
              {
                "color": "#004f6b",
                "fontSize": 24,
                "fontWeight": "700",
                "marginBottom": 7,
                "textAlign": "center",
              },
            ],
          ],
        ]
      }
      testID="text"
    >
      Test message
    </Text>
    <Text
      style={
        [
          {
            "textAlign": "left",
          },
          {
            "color": "rgba(28, 27, 31, 1)",
            "writingDirection": "ltr",
          },
          [
            {
              "fontFamily": "System",
              "fontSize": 14,
              "fontWeight": "400",
              "letterSpacing": 0.25,
              "lineHeight": 20,
            },
            [
              {
                "color": "#34300F",
              },
              {
                "color": "#666",
                "fontSize": 16,
              },
            ],
          ],
        ]
      }
      testID="text"
    >
      Redirecting to product list in 
      5
       second
      s
      ...
    </Text>
  </View>
  <View
    style={
      {
        "backgroundColor": "#e0e0e0",
        "borderRadius": 5,
        "height": 10,
        "marginBottom": 16,
        "overflow": "hidden",
        "width": "80%",
      }
    }
  >
    <View
      collapsable={false}
      style={
        {
          "height": "100%",
          "width": "0%",
        }
      }
    >
      <ViewManagerAdapter_ExpoLinearGradient
        colors={
          [
            4285515996,
            4287354055,
          ]
        }
        endPoint={
          [
            1,
            0,
          ]
        }
        startPoint={
          [
            0,
            0,
          ]
        }
        style={
          [
            {
              "flex": 1,
            },
            {},
          ]
        }
        testID="linear-gradient"
      />
      <View
        collapsable={false}
        style={
          {
            "bottom": 0,
            "left": 0,
            "position": "absolute",
            "right": 0,
            "top": 0,
            "transform": [
              {
                "translateX": -100,
              },
            ],
          }
        }
      >
        <ViewManagerAdapter_ExpoLinearGradient
          colors={
            [
              16777215,
              1308622847,
              16777215,
            ]
          }
          endPoint={
            [
              1,
              0,
            ]
          }
          startPoint={
            [
              0,
              0,
            ]
          }
          style={
            [
              {
                "flex": 1,
              },
              {},
            ]
          }
          testID="linear-gradient"
        />
      </View>
    </View>
  </View>
  <View
    collapsable={false}
    style={
      {
        "backgroundColor": "#FED034",
        "borderRadius": 10,
        "shadowColor": "#000",
        "shadowOffset": {
          "height": 0,
          "width": 0,
        },
        "shadowOpacity": 0,
        "shadowRadius": 0,
      }
    }
    testID="button-container-outer-layer"
  >
    <View
      collapsable={false}
      style={
        {
          "backgroundColor": "#FED034",
          "borderColor": "transparent",
          "borderRadius": 10,
          "borderStyle": "solid",
          "borderWidth": 0,
          "flex": undefined,
          "minWidth": 64,
          "shadowColor": "#000",
          "shadowOffset": {
            "height": 0,
            "width": 0,
          },
          "shadowOpacity": 0,
          "shadowRadius": 0,
        }
      }
      testID="button-container"
    >
      <View
        accessibilityRole="button"
        accessibilityState={
          {
            "busy": undefined,
            "checked": undefined,
            "disabled": false,
            "expanded": undefined,
            "selected": undefined,
          }
        }
        accessibilityValue={
          {
            "max": undefined,
            "min": undefined,
            "now": undefined,
            "text": undefined,
          }
        }
        accessible={true}
        collapsable={false}
        focusable={true}
        onBlur={[Function]}
        onClick={[Function]}
        onFocus={[Function]}
        onResponderGrant={[Function]}
        onResponderMove={[Function]}
        onResponderRelease={[Function]}
        onResponderTerminate={[Function]}
        onResponderTerminationRequest={[Function]}
        onStartShouldSetResponder={[Function]}
        style={
          [
            {
              "overflow": "hidden",
            },
            {
              "borderRadius": 10,
            },
          ]
        }
        testID="button"
      >
        <View
          style={
            [
              {
                "alignItems": "center",
                "flexDirection": "row",
                "justifyContent": "center",
              },
              undefined,
            ]
          }
        >
          <Text
            numberOfLines={1}
            selectable={false}
            style={
              [
                {
                  "textAlign": "left",
                },
                {
                  "color": "rgba(28, 27, 31, 1)",
                  "writingDirection": "ltr",
                },
                [
                  {
                    "fontFamily": "System",
                    "fontSize": 14,
                    "fontWeight": "500",
                    "letterSpacing": 0.1,
                    "lineHeight": 20,
                  },
                  [
                    {
                      "marginHorizontal": 16,
                      "marginVertical": 9,
                      "textAlign": "center",
                    },
                    false,
                    {
                      "marginHorizontal": 24,
                      "marginVertical": 10,
                    },
                    undefined,
                    false,
                    {
                      "color": "#34300F",
                      "fontFamily": "System",
                      "fontSize": 14,
                      "fontWeight": "500",
                      "letterSpacing": 0.1,
                      "lineHeight": 20,
                    },
                    undefined,
                  ],
                ],
              ]
            }
            testID="button-text"
          >
            Go to Products
          </Text>
        </View>
      </View>
    </View>
  </View>
</View>
`;
